// Jest Snapshot v1, https://goo.gl/fbAQLP

exports[`renders correctly 1`] = `
<button
  className="bordered"
  onClick={undefined}
>
  Test
</button>
`;
